VARIABLES:input.py:755:ExpandVariables Matches: {'replace': '<|(names.txt <@(names)', 'type': '<|', 'command_string': None, 'is_array': '', 'content': 'names.txt <@(names'}
VARIABLES:input.py:755:ExpandVariables Matches: {'replace': '<@(names)', 'type': '<@', 'command_string': None, 'is_array': '', 'content': 'names'}
VARIABLES:input.py:1015:ExpandVariables Found output 'names.txt John Jacob Jingleheimer Schmidt', recursing.
VARIABLES:input.py:1015:ExpandVariables Found output 'names.txt', recursing.
VARIABLES:input.py:755:ExpandVariables Matches: {'replace': '<(names_listfile)', 'type': '<', 'command_string': None, 'is_array': '', 'content': 'names_listfile'}
VARIABLES:input.py:1015:ExpandVariables Found output 'names.txt', recursing.
VARIABLES:input.py:755:ExpandVariables Matches: {'replace': '<!@(cat <(names_listfile)', 'type': '<!@', 'command_string': None, 'is_array': '', 'content': 'cat <(names_listfile'}
VARIABLES:input.py:755:ExpandVariables Matches: {'replace': '<(names_listfile)', 'type': '<', 'command_string': None, 'is_array': '', 'content': 'names_listfile'}
VARIABLES:input.py:1015:ExpandVariables Found output 'cat names.txt', recursing.
VARIABLES:input.py:878:ExpandVariables Executing command 'cat names.txt' in directory 'src'
VARIABLES:input.py:1015:ExpandVariables Found output ['John', 'Jacob', 'Jingleheimer', 'Schmidt'], recursing.
VARIABLES:input.py:755:ExpandVariables Matches: {'replace': '<(names_listfile)', 'type': '<', 'command_string': None, 'is_array': '', 'content': 'names_listfile'}
VARIABLES:input.py:1015:ExpandVariables Found output 'names.txt', recursing.
VARIABLES:input.py:755:ExpandVariables Matches: {'replace': '<|(sources.txt <@(_sources)', 'type': '<|', 'command_string': None, 'is_array': '', 'content': 'sources.txt <@(_sources'}
VARIABLES:input.py:755:ExpandVariables Matches: {'replace': '<@(_sources)', 'type': '<@', 'command_string': None, 'is_array': '', 'content': '_sources'}
VARIABLES:input.py:1015:ExpandVariables Found output 'sources.txt John Jacob Jingleheimer Schmidt', recursing.
VARIABLES:input.py:1015:ExpandVariables Found output 'sources.txt', recursing.
VARIABLES:input.py:755:ExpandVariables Matches: {'replace': '<(sources_listfile)', 'type': '<', 'command_string': None, 'is_array': '', 'content': 'sources_listfile'}
VARIABLES:input.py:1015:ExpandVariables Found output 'sources.txt', recursing.
VARIABLES:input.py:755:ExpandVariables Matches: {'replace': '<!@(cat <(sources_listfile)', 'type': '<!@', 'command_string': None, 'is_array': '', 'content': 'cat <(sources_listfile'}
VARIABLES:input.py:755:ExpandVariables Matches: {'replace': '<(sources_listfile)', 'type': '<', 'command_string': None, 'is_array': '', 'content': 'sources_listfile'}
VARIABLES:input.py:1015:ExpandVariables Found output 'cat sources.txt', recursing.
VARIABLES:input.py:878:ExpandVariables Executing command 'cat sources.txt' in directory 'src'
VARIABLES:input.py:1015:ExpandVariables Found output ['John', 'Jacob', 'Jingleheimer', 'Schmidt'], recursing.
VARIABLES:input.py:755:ExpandVariables Matches: {'replace': '<(sources_listfile)', 'type': '<', 'command_string': None, 'is_array': '', 'content': 'sources_listfile'}
VARIABLES:input.py:1015:ExpandVariables Found output 'sources.txt', recursing.
